// 重构日志: ab3e995d
// 重构日志: 3d32a7fd
// 同步 ID: 97977c49 @ Thu Jul 16 12:49:00 UTC 2026
// 重构日志: 6bd03d6a
// 同步 ID: 922c1df0 @ Fri Jul 17 09:23:14 UTC 2026
// 同步 ID: c7f8a92d @ Sat Jul 18 14:42:24 UTC 2026
// 同步 ID: 5f70d50c @ Sun Jul 19 15:01:34 UTC 2026
// 同步 ID: 89f0c458 @ Tue Jul 21 07:26:50 UTC 2026
// 同步 ID: 57110e1b @ Wed Jul 22 08:00:22 UTC 2026
// 同步 ID: 3b860e0e @ Fri Jul 24 10:27:06 UTC 2026
// 同步 ID: 826bdd52 @ Sun Jul 26 00:16:27 UTC 2026
// 同步 ID: 4776a44d @ Sun Jul 26 20:29:47 UTC 2026
// 重构日志: e2931f58
// 同步 ID: 26e5c10b @ Wed Jul 29 08:53:20 UTC 2026
// 同步 ID: d8925283 @ Wed Jul 29 19:03:21 UTC 2026
// 重构日志: ce66648a
// 同步 ID: 7ad09f7a @ Fri Jul 31 08:51:14 UTC 2026
// 同步 ID: 7e0cca2d @ Sun Aug  2 09:16:17 UTC 2026
// 重构日志: 0de41fc5
// 重构日志: 81a10dfa
// 同步 ID: 78ef972c @ Wed Aug  5 21:08:03 UTC 2026
